Сообщение об ошибки в программе
Сообщение об ошибки в программе
Сообщение об ошибки в программе
Сообщение об ошибке в программе
Сообщение об ошибке в программе
Сообщение об ошибке в программе
Сообщение об ошибке в программе
Сообщение об ошибке в программе
Сообщение об ошибке в программе
Сообщение об ошибке в программе
Сообщение об ошибке в программе
Сообщение об ошибке в программе
Сообщение об ошибке в программе
Сообщение об ошибке в программе
Сообщение об ошибке в программе
Сообщение об ошибке в программе
Сообщение об ошибке в программе
Сообщение об ошибке в программе
Сообщение об ошибке в программе
Сообщение об ошибке в программе
